// Jest Snapshot v1, https://goo.gl/fbAQLP

exports[`renders correctly 1`] = `
<div
  className="transition  z-50  animate-wiggle
            "
  onKeyDown={[Function]}
>
  <div
    className=" relative flex h-16 items-center justify-between text-titleContent "
  >
    <a
      href="/"
      onClick={[Function]}
      onMouseEnter={[Function]}
      onTouchStart={[Function]}
    >
      <div
        className="flex flex-shrink-0 items-center"
      >
        <h1
          className="tracking-widest font-lato font-semibold text-2xl px-5"
        >
          MiniStore
        </h1>
      </div>
    </a>
    <div
      className="absolute inset-y-0 right-0 flex items-center sm:hidden "
    >
      <button
        className="absolute right-0 items-center justify-center rounded-md p-2 hover:bg-accent hover:text-white focus:outline-none focus:ring-2 focus:ring-inset focus:ring-white"
      >
        <svg
          aria-hidden="true"
          className="block h-8 w-8"
          fill="currentColor"
          height="1em"
          stroke="currentColor"
          strokeWidth="0"
          style={
            Object {
              "color": undefined,
            }
          }
          viewBox="0 0 24 24"
          width="1em"
          xmlns="http://www.w3.org/2000/svg"
        >
          <path
            d="M2 15h7v7h2v-9H2v2zM15 2h-2v9h9V9h-7V2z"
          />
        </svg>
      </button>
    </div>
  </div>
  <div
    className="space-y-1 px-2 pt-2 pb-3 flex flex-col justify-start "
  >
    <a
      className="  hover:bg-accent hover:text-white rounded-md px-3 py-2 text-xl font-medium "
      href="/profile"
      onClick={[Function]}
      onMouseEnter={[Function]}
      onTouchStart={[Function]}
    >
      <button
        className="w-full flex justify-start items-center "
      >
        <svg
          aria-hidden="true"
          className="block h-6 w-6 mr-2"
          fill="currentColor"
          height="1em"
          stroke="currentColor"
          strokeWidth="0"
          style={
            Object {
              "color": undefined,
            }
          }
          viewBox="0 0 24 24"
          width="1em"
          xmlns="http://www.w3.org/2000/svg"
        >
          <path
            d="M12 2a5 5 0 1 0 5 5 5 5 0 0 0-5-5zm0 8a3 3 0 1 1 3-3 3 3 0 0 1-3 3zm9 11v-1a7 7 0 0 0-7-7h-4a7 7 0 0 0-7 7v1h2v-1a5 5 0 0 1 5-5h4a5 5 0 0 1 5 5v1z"
          />
        </svg>
        <h2>
          Profile
        </h2>
      </button>
    </a>
    <div
      className=" items-center"
    >
      <div
        className="mx-auto max-w-md cursor-pointer "
        onKeyDown={[Function]}
      >
        <form
          action=""
          className="fixed left-5 sm:relative  mx-auto"
        >
          <input
            className=" cursor-pointer absolute  h-8 w-0  rounded-full  bg-transparent outline-none transition-all duration-300 ease-in-out left-10 pl-1"
            onChange={[Function]}
            type="search"
            value=""
          />
          <svg
            aria-hidden="true"
            className="mr-2 z-10 cursor-pointer my-auto h-6 w-6 stroke-gray-500  hover:text-accent rounded-xl font-semibold false"
            fill="currentColor"
            height="1em"
            onClick={[Function]}
            stroke="currentColor"
            strokeWidth="0"
            style={
              Object {
                "color": undefined,
              }
            }
            viewBox="0 0 24 24"
            width="1em"
            xmlns="http://www.w3.org/2000/svg"
          >
            <path
              d="M10 18a7.952 7.952 0 0 0 4.897-1.688l4.396 4.396 1.414-1.414-4.396-4.396A7.952 7.952 0 0 0 18 10c0-4.411-3.589-8-8-8s-8 3.589-8 8 3.589 8 8 8zm0-14c3.309 0 6 2.691 6 6s-2.691 6-6 6-6-2.691-6-6 2.691-6 6-6z"
            />
            <path
              d="M11.412 8.586c.379.38.588.882.588 1.414h2a3.977 3.977 0 0 0-1.174-2.828c-1.514-1.512-4.139-1.512-5.652 0l1.412 1.416c.76-.758 2.07-.756 2.826-.002z"
            />
          </svg>
        </form>
      </div>
    </div>
  </div>
</div>
`;
