// Jest Snapshot v1, https://goo.gl/fbAQLP

exports[`renders correctly 1`] = `
<div
  className=" w-1/2 flex justify-evenly flex-col"
/>
`;
