// Jest Snapshot v1, https://goo.gl/fbAQLP

exports[`renders correctly 1`] = `
<section
  className=" ml-2 w-full flex flex-col"
>
  <div
    className="w-1/2 m-4 flex gap-2"
  >
    <div
      className="w-16 h-16 bg-sky-200 rounded-full flex items-center justify-center drop-shadow"
      style={
        Object {
          "background": "lavender",
          "backgroundSize": "cover",
        }
      }
    />
    <div
      clssName="flex flex-col p-2 ml-4 border border-red-300 border-l-1 "
    >
      <h2
        className="font-semibold text-base text-[#55585B]"
      >
         
      </h2>
      <div
        className="text-[#55585B] flex gap-1"
      >
        <svg
          fill="currentColor"
          height="1em"
          stroke="currentColor"
          strokeWidth="0"
          style={
            Object {
              "color": undefined,
            }
          }
          viewBox="0 0 512 512"
          width="1em"
          xmlns="http://www.w3.org/2000/svg"
        >
          <path
            d="M496 128v16a8 8 0 0 1-8 8h-24v12c0 6.627-5.373 12-12 12H60c-6.627 0-12-5.373-12-12v-12H24a8 8 0 0 1-8-8v-16a8 8 0 0 1 4.941-7.392l232-88a7.996 7.996 0 0 1 6.118 0l232 88A8 8 0 0 1 496 128zm-24 304H40c-13.255 0-24 10.745-24 24v16a8 8 0 0 0 8 8h464a8 8 0 0 0 8-8v-16c0-13.255-10.745-24-24-24zM96 192v192H60c-6.627 0-12 5.373-12 12v20h416v-20c0-6.627-5.373-12-12-12h-36V192h-64v192h-64V192h-64v192h-64V192H96z"
          />
        </svg>
        <p
          className="font-medium text-xs  pt-1"
        />
      </div>
      <div
        className="text-[#72ADC7] flex gap-1"
      >
        <svg
          fill="currentColor"
          height="1em"
          stroke="currentColor"
          strokeWidth="0"
          style={
            Object {
              "color": undefined,
            }
          }
          viewBox="0 0 256 256"
          width="1em"
          xmlns="http://www.w3.org/2000/svg"
        >
          <path
            d="M128,24a80,80,0,0,0-80,80c0,72,80,128,80,128s80-56,80-128A80,80,0,0,0,128,24Zm0,112a32,32,0,1,1,32-32A32,32,0,0,1,128,136Z"
            opacity="0.2"
          />
          <path
            d="M200,224H150.54A266.56,266.56,0,0,0,174,200.25c27.45-31.57,42-64.85,42-96.25a88,88,0,0,0-176,0c0,31.4,14.51,64.68,42,96.25A266.56,266.56,0,0,0,105.46,224H56a8,8,0,0,0,0,16H200a8,8,0,0,0,0-16ZM56,104a72,72,0,0,1,144,0c0,57.23-55.47,105-72,118C111.47,209,56,161.23,56,104Zm112,0a40,40,0,1,0-40,40A40,40,0,0,0,168,104Zm-64,0a24,24,0,1,1,24,24A24,24,0,0,1,104,104Z"
          />
        </svg>
        <p
          className="font-normal text-xs "
        >
          ,
           
        </p>
      </div>
    </div>
  </div>
  <div
    className="border border-0.5 border[#EDF1F3] rounded-md drop-shadow-sm p-4 w-10/12"
  >
    <div
      className="mb-10 ml-4"
    >
      <h2
        className="font-lato text-3xl uppercase text-[#55585B]"
      >
        Product Name Not Available
      </h2>
      <div
        className="relative"
      >
        <img
          alt="Item Condition"
          className="z-0"
          data-nimg="1"
          decoding="async"
          height={39}
          loading="lazy"
          onError={[Function]}
          onLoad={[Function]}
          src="/conditionLabelVector.svg"
          style={
            Object {
              "color": "transparent",
            }
          }
          width={139}
        />
        <div
          className="font-jost font-extrabold text-base text-bkg absolute bottom-1 left-2 tracking-wider "
        >
          State
          :
           
          Condition Not Available
        </div>
      </div>
    </div>
    <p
      className="w-5/6 text-xs font-medium mb-2 leading-5 tracking-wide"
    >
      Description Not Available
    </p>
    <div
      className="ml-8 mt-8 text-[#3A3A3A] w-full flex items-center gap-10 my-1"
    >
      <div
        className="w-[180px] flex flex-row "
      >
        <div
          className=" w-1/2 flex justify-evenly flex-col"
        >
          <button
            className="bg-[#0989FF] transition ease-in-out delay-150  hover:-translate-y-1 hover:scale-110 hover:bg-[#026fce] duration-300 text-white text-center font-lato text-base md:w-20 w-14 rounded shadow-md"
          >
            Buy
          </button>
        </div>
        <p
          className="font-lato text-lg font-semibold"
        >
          $
           Sell Price Not Available
        </p>
      </div>
      <div
        className="w-[188px] flex flex-row"
      >
        <div
          className=" w-1/2 flex justify-evenly flex-col"
        >
          <button
            className="bg-[#FFBD00] transition ease-in-out delay-150 hover:-translate-y-1 hover:scale-110 hover:bg-[#e8ac09] duration-300 text-white text-center hover:transition-all font-lato text-base md:w-20 w-14 rounded shadow-md relative -top-14 sm:-top-0 sm-absolute"
          >
            Borrow
          </button>
        </div>
        <p
          className="font-lato text-lg font-semibold"
        >
          $
          Borrow Price Not Available
          <span
            className="text-[#55585B] text-sm font-thin font-jost"
          >
            per day
          </span>
        </p>
      </div>
    </div>
    <div
      className=" w-full flex mt-8 gap-2"
    >
      <p
        className=" text-xs text-[#3A3A3A] font-semibold "
      >
        Category :
      </p>
      <a
        className="font-normal text-[#72AEC8] underline hover:text-[#45adda] transform hover:scale-105 transition-transform duration-300 ease-in-out"
        href="/"
        onClick={[Function]}
        onMouseEnter={[Function]}
        onTouchStart={[Function]}
      >
        Category Not Available
         
      </a>
    </div>
  </div>
</section>
`;
