// Jest Snapshot v1, https://goo.gl/fbAQLP

exports[`renders correctly 1`] = `
<section
  className="w-full sm:w-full flex flex-col"
>
  <div
    className="w-full m-4 flex gap-2"
  >
    <div
      className="w-16 h-16 bg-sky-200 rounded-full flex items-center justify-center drop-shadow"
      style={
        Object {
          "background": "lavender",
          "backgroundSize": "cover",
        }
      }
    />
    <div
      clssName="flex flex-col p-2 ml-4 border border-red-300 border-l-1 "
    >
      <h2
        className="font-semibold text-base text-[#55585B]"
      >
         
      </h2>
      <div
        className="text-[#55585B] flex gap-1"
      >
        <svg
          fill="currentColor"
          height="1em"
          stroke="currentColor"
          strokeWidth="0"
          style={
            Object {
              "color": undefined,
            }
          }
          viewBox="0 0 512 512"
          width="1em"
          xmlns="http://www.w3.org/2000/svg"
        >
          <path
            d="M496 128v16a8 8 0 0 1-8 8h-24v12c0 6.627-5.373 12-12 12H60c-6.627 0-12-5.373-12-12v-12H24a8 8 0 0 1-8-8v-16a8 8 0 0 1 4.941-7.392l232-88a7.996 7.996 0 0 1 6.118 0l232 88A8 8 0 0 1 496 128zm-24 304H40c-13.255 0-24 10.745-24 24v16a8 8 0 0 0 8 8h464a8 8 0 0 0 8-8v-16c0-13.255-10.745-24-24-24zM96 192v192H60c-6.627 0-12 5.373-12 12v20h416v-20c0-6.627-5.373-12-12-12h-36V192h-64v192h-64V192h-64v192h-64V192H96z"
          />
        </svg>
        <p
          className="font-medium text-xs  pt-1"
        />
      </div>
      <div
        className="text-[#72ADC7] flex gap-1"
      >
        <svg
          fill="currentColor"
          height="1em"
          stroke="currentColor"
          strokeWidth="0"
          style={
            Object {
              "color": undefined,
            }
          }
          viewBox="0 0 256 256"
          width="1em"
          xmlns="http://www.w3.org/2000/svg"
        >
          <path
            d="M128,24a80,80,0,0,0-80,80c0,72,80,128,80,128s80-56,80-128A80,80,0,0,0,128,24Zm0,112a32,32,0,1,1,32-32A32,32,0,0,1,128,136Z"
            opacity="0.2"
          />
          <path
            d="M200,224H150.54A266.56,266.56,0,0,0,174,200.25c27.45-31.57,42-64.85,42-96.25a88,88,0,0,0-176,0c0,31.4,14.51,64.68,42,96.25A266.56,266.56,0,0,0,105.46,224H56a8,8,0,0,0,0,16H200a8,8,0,0,0,0-16ZM56,104a72,72,0,0,1,144,0c0,57.23-55.47,105-72,118C111.47,209,56,161.23,56,104Zm112,0a40,40,0,1,0-40,40A40,40,0,0,0,168,104Zm-64,0a24,24,0,1,1,24,24A24,24,0,0,1,104,104Z"
          />
        </svg>
        <p
          className="font-normal text-xs "
        />
      </div>
    </div>
  </div>
  <div
    className="border border-0.5 border[#EDF1F3] rounded-md drop-shadow-sm p-4 w-full"
  >
    <div
      className="mb-10 ml-4"
    >
      <h2
        className="font-lato text-lg sm:3xl uppercase text-[#55585B]"
      />
      <div
        className="relative mt-2"
      >
        <img
          alt="Item Condition"
          className="z-0"
          data-nimg="1"
          decoding="async"
          height={39}
          loading="lazy"
          onError={[Function]}
          onLoad={[Function]}
          src="/conditionLabelVector.svg"
          style={
            Object {
              "color": "transparent",
            }
          }
          width={139}
        />
        <div
          className="font-jost font-extrabold text-sm sm:text-base text-bkg absolute bottom-1 left-2 tracking-wider "
        >
          State
          :
           
        </div>
      </div>
    </div>
    <p
      className="w-full sm:w-5/6 text-sm sm:text-base font-medium mb-2 leading-5 tracking-wide"
    />
    <div
      className=" mt-8 text-[#3A3A3A] w-full flex flex-col items-start sm:flex-row sm:items-center my-1"
    >
      <div
        className=" flex flex-row gap-2 w-full sm:w-2/3 "
      >
        <div
          className=" sm:w-1/3 w-1/2 flex justify-evenly flex-col"
        >
          <button
            className="bg-[#0989FF] transition ease-in-out delay-150 hover:-translate-y-1 hover:scale-110 hover:bg-[#026fce] duration-300 text-white text-center font-lato text-base px-7 py-1 rounded shadow-md"
          >
            Buy
          </button>
        </div>
        <p
          className="font-lato text-lg font-semibold"
        >
          $
        </p>
      </div>
      <div
        className="flex flex-row gap-2 sm:gap-0 w-full sm:w-2/3 mt-2"
      >
        <div
          className=" sm:w-1/3 w-1/2 flex justify-evenly flex-col"
        >
          <button
            className="bg-[#FFBD00] transition ease-in-out delay-150 hover:-translate-y-1 hover:scale-110 hover:bg-[#e8ac09] duration-300 text-white text-center hover:transition-all font-lato text-base px-5 py-1 rounded shadow-md sm-absolute"
          >
            Borrow
          </button>
        </div>
        <p
          className="font-lato text-lg font-semibold "
        >
          $
          <span
            className="text-[#55585B] text-sm font-thin font-jost pl-2"
          >
            per day
          </span>
        </p>
      </div>
    </div>
    <div
      className=" w-full flex mt-8 gap-2"
    >
      <p
        className=" text-sm sm:text-base text-[#3A3A3A] font-semibold "
      >
        Category :
      </p>
      <a
        className="font-normal text-[#72AEC8] underline hover:text-[#45adda] text-sm sm:text-base transform hover:scale-105 transition-transform duration-300 ease-in-out"
        href="/"
        onClick={[Function]}
        onMouseEnter={[Function]}
        onTouchStart={[Function]}
      />
    </div>
    <div
      className="mt-8"
    >
      <h1
        className="font-lato text-md font-semibold text-[#55585B]"
      >
        Contact Details
      </h1>
      <div
        className="ml-4 mt-3 font-jost flex gap-1 text-[#72ADC7]"
      >
        <svg
          fill="currentColor"
          height="1em"
          stroke="currentColor"
          strokeWidth="0"
          style={
            Object {
              "color": undefined,
            }
          }
          viewBox="0 0 384 512"
          width="1em"
          xmlns="http://www.w3.org/2000/svg"
        >
          <path
            d="M97.333 506.966c-129.874-129.874-129.681-340.252 0-469.933 5.698-5.698 14.527-6.632 21.263-2.422l64.817 40.513a17.187 17.187 0 0 1 6.849 20.958l-32.408 81.021a17.188 17.188 0 0 1-17.669 10.719l-55.81-5.58c-21.051 58.261-20.612 122.471 0 179.515l55.811-5.581a17.188 17.188 0 0 1 17.669 10.719l32.408 81.022a17.188 17.188 0 0 1-6.849 20.958l-64.817 40.513a17.19 17.19 0 0 1-21.264-2.422zM247.126 95.473c11.832 20.047 11.832 45.008 0 65.055-3.95 6.693-13.108 7.959-18.718 2.581l-5.975-5.726c-3.911-3.748-4.793-9.622-2.261-14.41a32.063 32.063 0 0 0 0-29.945c-2.533-4.788-1.65-10.662 2.261-14.41l5.975-5.726c5.61-5.378 14.768-4.112 18.718 2.581zm91.787-91.187c60.14 71.604 60.092 175.882 0 247.428-4.474 5.327-12.53 5.746-17.552.933l-5.798-5.557c-4.56-4.371-4.977-11.529-.93-16.379 49.687-59.538 49.646-145.933 0-205.422-4.047-4.85-3.631-12.008.93-16.379l5.798-5.557c5.022-4.813 13.078-4.394 17.552.933zm-45.972 44.941c36.05 46.322 36.108 111.149 0 157.546-4.39 5.641-12.697 6.251-17.856 1.304l-5.818-5.579c-4.4-4.219-4.998-11.095-1.285-15.931 26.536-34.564 26.534-82.572 0-117.134-3.713-4.836-3.115-11.711 1.285-15.931l5.818-5.579c5.159-4.947 13.466-4.337 17.856 1.304z"
          />
        </svg>
        <p
          className="text-sm font-medium"
        >
           
          Phone Number Not Available
        </p>
      </div>
      <div
        className="ml-4 mt-1 font-jost flex gap-1 text-[#72ADC7]"
      >
        <svg
          fill="currentColor"
          height="1em"
          stroke="currentColor"
          strokeWidth="0"
          style={
            Object {
              "color": undefined,
            }
          }
          viewBox="0 0 24 24"
          width="1em"
          xmlns="http://www.w3.org/2000/svg"
        >
          <path
            d="M0 0h24v24H0z"
            fill="none"
          />
          <path
            d="M20 4H4c-1.1 0-1.99.9-1.99 2L2 18c0 1.1.9 2 2 2h16c1.1 0 2-.9 2-2V6c0-1.1-.9-2-2-2zm0 4l-8 5-8-5V6l8 5 8-5v2z"
          />
        </svg>
        <p
          className="text-sm font-medium"
        >
           
          Email Not Available
        </p>
      </div>
    </div>
  </div>
</section>
`;
