// Jest Snapshot v1, https://goo.gl/fbAQLP

exports[`renders correctly 1`] = `
<a
  className="group w-fit py-2 px-1 rounded-md pt-1 "
  href="/products/5"
  onClick={[Function]}
  onMouseEnter={[Function]}
  onTouchStart={[Function]}
>
  <div
    className="relative rounded-md bg-gray-200  group-hover:opacity-75 overflow-hidden  w-[18rem] h-[21rem]"
  >
    <img
      alt="Classic literature set"
      className="object-cover object-center group-hover:scale-125 transition-all ease-in"
      data-nimg="fill"
      decoding="async"
      loading="lazy"
      onError={[Function]}
      onLoad={[Function]}
      sizes="100vw"
      src="/_next/image?url=https%3A%2F%2Fimages.placeholders.dev%2F%3Fwidth%3D100%26height%3D100&w=3840&q=75"
      srcSet="/_next/image?url=https%3A%2F%2Fimages.placeholders.dev%2F%3Fwidth%3D100%26height%3D100&w=640&q=75 640w, /_next/image?url=https%3A%2F%2Fimages.placeholders.dev%2F%3Fwidth%3D100%26height%3D100&w=750&q=75 750w, /_next/image?url=https%3A%2F%2Fimages.placeholders.dev%2F%3Fwidth%3D100%26height%3D100&w=828&q=75 828w, /_next/image?url=https%3A%2F%2Fimages.placeholders.dev%2F%3Fwidth%3D100%26height%3D100&w=1080&q=75 1080w, /_next/image?url=https%3A%2F%2Fimages.placeholders.dev%2F%3Fwidth%3D100%26height%3D100&w=1200&q=75 1200w, /_next/image?url=https%3A%2F%2Fimages.placeholders.dev%2F%3Fwidth%3D100%26height%3D100&w=1920&q=75 1920w, /_next/image?url=https%3A%2F%2Fimages.placeholders.dev%2F%3Fwidth%3D100%26height%3D100&w=2048&q=75 2048w, /_next/image?url=https%3A%2F%2Fimages.placeholders.dev%2F%3Fwidth%3D100%26height%3D100&w=3840&q=75 3840w"
      style={
        Object {
          "bottom": 0,
          "color": "transparent",
          "height": "100%",
          "left": 0,
          "objectFit": undefined,
          "objectPosition": undefined,
          "position": "absolute",
          "right": 0,
          "top": 0,
          "width": "100%",
        }
      }
    />
    <div
      className="absolute bottom-0 left-0 mt-6 text-black"
    >
      <div
        className="relative"
      >
        <img
          alt="Item Condition"
          className="z-0 text-blue-400"
          data-nimg="1"
          decoding="async"
          height={39}
          loading="lazy"
          onError={[Function]}
          onLoad={[Function]}
          src="/conditionLabelVector.svg"
          style={
            Object {
              "color": "transparent",
            }
          }
          width={139}
        />
        <div
          className="font-jost font-extrabold text-sm text-bkg absolute bottom-1 left-2 w-fit"
        >
          $
        </div>
      </div>
    </div>
     
  </div>
  <div
    className="mt-3 flex "
  >
    <div
      className="product-infos"
    >
      <div
        className="mt-1 text-2xl font-jost  text-gray-900"
      >
        Classic literature set
      </div>
      <div
        className="font-jost text-sm  text-gray-600 mt-1"
      />
    </div>
    <div
      className="ml-auto  i"
    >
       
      <div
        className="capitalize flex justify-center text-center items-center font-jost font-bold rounded-full bg-secondaryGreen text-white text-sm w-[105px] h-[26px]"
      >
        Index
      </div>
    </div>
  </div>
</a>
`;
