// Jest Snapshot v1, https://goo.gl/fbAQLP

exports[`render correnctly 1`] = `
<div
  className="p-10 mb-20 sm:flex justify-center"
>
  <div
    className="p-6 bg-accent rounded-full h-8 w-8 flex items-center justify-center text-2xl text-white mt-4 shadow-lg cursor-pointer"
    onClick={[Function]}
  >
    +
  </div>
  <div
    className="flex flex-wrap space-x-3 justify-center items-start mt-6 border-t border-gray-200/80 pt-6 space-y-4"
  >
    <div
      className="  bg-white h-full rounded-2xl px-10 py-8 shadow-lg hover:shadow-2xl transition duration-500"
    >
      <div
        className="w-14 h-14  bg-accent rounded-full flex items-center justify-center font-bold text-white"
      >
        <img
          alt="User"
          className="w-full h-full object-cover rounded-full"
          data-nimg="1"
          decoding="async"
          height={500}
          loading="lazy"
          onError={[Function]}
          onLoad={[Function]}
          src="/_next/image?url=https%3A%2F%2Fimages.unsplash.com%2Fphoto-1600486913747-55e5470d6f40%3Fauto%3Dformat%26fit%3Dcrop%26q%3D80%26w%3D2070%26ixlib%3Drb-4.0.3%26ixid%3DM3wxMjA3fDB8MHxwaG90by1wYWdlfHx8fGVufDB8fHx8fA%253D%253D&w=1080&q=75"
          srcSet="/_next/image?url=https%3A%2F%2Fimages.unsplash.com%2Fphoto-1600486913747-55e5470d6f40%3Fauto%3Dformat%26fit%3Dcrop%26q%3D80%26w%3D2070%26ixlib%3Drb-4.0.3%26ixid%3DM3wxMjA3fDB8MHxwaG90by1wYWdlfHx8fGVufDB8fHx8fA%253D%253D&w=640&q=75 1x, /_next/image?url=https%3A%2F%2Fimages.unsplash.com%2Fphoto-1600486913747-55e5470d6f40%3Fauto%3Dformat%26fit%3Dcrop%26q%3D80%26w%3D2070%26ixlib%3Drb-4.0.3%26ixid%3DM3wxMjA3fDB8MHxwaG90by1wYWdlfHx8fGVufDB8fHx8fA%253D%253D&w=1080&q=75 2x"
          style={
            Object {
              "color": "transparent",
            }
          }
          width={500}
        />
      </div>
      <div
        className="mt-4 flex items-center space-x-4"
      >
        <div
          className="text-sm font-semibold"
        >
          Mohammed
           •
           
          <span
            className="font-normal"
          >
             
            5 minutes ago
          </span>
        </div>
      </div>
      <div
        className="mt-4"
      >
        <div
          className="flex items-center mt-2"
        >
          <div
            className="flex text-accent"
          >
            <svg
              className="w-6 h-6 cursor-pointer"
              fill="currentColor"
              height="1em"
              onClick={[Function]}
              stroke="currentColor"
              strokeWidth="0"
              style={
                Object {
                  "color": undefined,
                }
              }
              viewBox="0 0 24 24"
              width="1em"
              xmlns="http://www.w3.org/2000/svg"
            >
              <path
                d="M21.947 9.179a1.001 1.001 0 0 0-.868-.676l-5.701-.453-2.467-5.461a.998.998 0 0 0-1.822-.001L8.622 8.05l-5.701.453a1 1 0 0 0-.619 1.713l4.213 4.107-1.49 6.452a1 1 0 0 0 1.53 1.057L12 18.202l5.445 3.63a1.001 1.001 0 0 0 1.517-1.106l-1.829-6.4 4.536-4.082c.297-.268.406-.686.278-1.065z"
              />
            </svg>
            <svg
              className="w-6 h-6 cursor-pointer"
              fill="currentColor"
              height="1em"
              onClick={[Function]}
              stroke="currentColor"
              strokeWidth="0"
              style={
                Object {
                  "color": undefined,
                }
              }
              viewBox="0 0 24 24"
              width="1em"
              xmlns="http://www.w3.org/2000/svg"
            >
              <path
                d="M21.947 9.179a1.001 1.001 0 0 0-.868-.676l-5.701-.453-2.467-5.461a.998.998 0 0 0-1.822-.001L8.622 8.05l-5.701.453a1 1 0 0 0-.619 1.713l4.213 4.107-1.49 6.452a1 1 0 0 0 1.53 1.057L12 18.202l5.445 3.63a1.001 1.001 0 0 0 1.517-1.106l-1.829-6.4 4.536-4.082c.297-.268.406-.686.278-1.065z"
              />
            </svg>
            <svg
              className="w-6 h-6 cursor-pointer"
              fill="currentColor"
              height="1em"
              onClick={[Function]}
              stroke="currentColor"
              strokeWidth="0"
              style={
                Object {
                  "color": undefined,
                }
              }
              viewBox="0 0 24 24"
              width="1em"
              xmlns="http://www.w3.org/2000/svg"
            >
              <path
                d="M21.947 9.179a1.001 1.001 0 0 0-.868-.676l-5.701-.453-2.467-5.461a.998.998 0 0 0-1.822-.001L8.622 8.05l-5.701.453a1 1 0 0 0-.619 1.713l4.213 4.107-1.49 6.452a1 1 0 0 0 1.53 1.057L12 18.202l5.445 3.63a1.001 1.001 0 0 0 1.517-1.106l-1.829-6.4 4.536-4.082c.297-.268.406-.686.278-1.065z"
              />
            </svg>
            <svg
              className="w-6 h-6 cursor-pointer"
              fill="currentColor"
              height="1em"
              onClick={[Function]}
              stroke="currentColor"
              strokeWidth="0"
              style={
                Object {
                  "color": undefined,
                }
              }
              viewBox="0 0 24 24"
              width="1em"
              xmlns="http://www.w3.org/2000/svg"
            >
              <path
                d="M21.947 9.179a1.001 1.001 0 0 0-.868-.676l-5.701-.453-2.467-5.461a.998.998 0 0 0-1.822-.001L8.622 8.05l-5.701.453a1 1 0 0 0-.619 1.713l4.213 4.107-1.49 6.452a1 1 0 0 0 1.53 1.057L12 18.202l5.445 3.63a1.001 1.001 0 0 0 1.517-1.106l-1.829-6.4 4.536-4.082c.297-.268.406-.686.278-1.065z"
              />
            </svg>
            <svg
              className="w-6 h-6 cursor-pointer"
              fill="currentColor"
              height="1em"
              onClick={[Function]}
              stroke="currentColor"
              strokeWidth="0"
              style={
                Object {
                  "color": undefined,
                }
              }
              viewBox="0 0 24 24"
              width="1em"
              xmlns="http://www.w3.org/2000/svg"
            >
              <path
                d="M21.947 9.179a1.001 1.001 0 0 0-.868-.676l-5.701-.453-2.467-5.461a.998.998 0 0 0-1.822-.001L8.622 8.05l-5.701.453a1 1 0 0 0-.619 1.713l4.213 4.107-1.49 6.452a1 1 0 0 0 1.53 1.057L12 18.202l5.445 3.63a1.001 1.001 0 0 0 1.517-1.106l-1.829-6.4 4.536-4.082c.297-.268.406-.686.278-1.065z"
              />
            </svg>
          </div>
        </div>
        <p
          className="mt-4 text-md text-gray-600"
        >
          i like that product &lt;3 
        </p>
        <div
          className="mt-4 flex justify-between items-center"
        >
          <div
            className="p-2  border-b  rounded-md text-sm text-gray-600 hover:border-accent cursor-pointer"
            onClick={[Function]}
          >
            Show Replies
          </div>
        </div>
        <div
          className="mt-4"
        >
          <input
            className="border border-gray-300 rounded-md p-2 w-full"
            onChange={[Function]}
            placeholder="Write a reply..."
            type="text"
            value=""
          />
          <button
            className="mt-2 bg-blue-500 text-white px-4 py-2 rounded-md hover:bg-blue-600"
            onClick={[Function]}
          >
            Reply
          </button>
        </div>
      </div>
    </div>
    <div
      className="  bg-white h-full rounded-2xl px-10 py-8 shadow-lg hover:shadow-2xl transition duration-500"
    >
      <div
        className="w-14 h-14  bg-accent rounded-full flex items-center justify-center font-bold text-white"
      >
        <img
          alt="User"
          className="w-full h-full object-cover rounded-full"
          data-nimg="1"
          decoding="async"
          height={500}
          loading="lazy"
          onError={[Function]}
          onLoad={[Function]}
          src="/_next/image?url=https%3A%2F%2Fimages.unsplash.com%2Fphoto-1600486913747-55e5470d6f40%3Fauto%3Dformat%26fit%3Dcrop%26q%3D80%26w%3D2070%26ixlib%3Drb-4.0.3%26ixid%3DM3wxMjA3fDB8MHxwaG90by1wYWdlfHx8fGVufDB8fHx8fA%253D%253D&w=1080&q=75"
          srcSet="/_next/image?url=https%3A%2F%2Fimages.unsplash.com%2Fphoto-1600486913747-55e5470d6f40%3Fauto%3Dformat%26fit%3Dcrop%26q%3D80%26w%3D2070%26ixlib%3Drb-4.0.3%26ixid%3DM3wxMjA3fDB8MHxwaG90by1wYWdlfHx8fGVufDB8fHx8fA%253D%253D&w=640&q=75 1x, /_next/image?url=https%3A%2F%2Fimages.unsplash.com%2Fphoto-1600486913747-55e5470d6f40%3Fauto%3Dformat%26fit%3Dcrop%26q%3D80%26w%3D2070%26ixlib%3Drb-4.0.3%26ixid%3DM3wxMjA3fDB8MHxwaG90by1wYWdlfHx8fGVufDB8fHx8fA%253D%253D&w=1080&q=75 2x"
          style={
            Object {
              "color": "transparent",
            }
          }
          width={500}
        />
      </div>
      <div
        className="mt-4 flex items-center space-x-4"
      >
        <div
          className="text-sm font-semibold"
        >
          Mohammed
           •
           
          <span
            className="font-normal"
          >
             
            5 minutes ago
          </span>
        </div>
      </div>
      <div
        className="mt-4"
      >
        <div
          className="flex items-center mt-2"
        >
          <div
            className="flex text-accent"
          >
            <svg
              className="w-6 h-6 cursor-pointer"
              fill="currentColor"
              height="1em"
              onClick={[Function]}
              stroke="currentColor"
              strokeWidth="0"
              style={
                Object {
                  "color": undefined,
                }
              }
              viewBox="0 0 24 24"
              width="1em"
              xmlns="http://www.w3.org/2000/svg"
            >
              <path
                d="M21.947 9.179a1.001 1.001 0 0 0-.868-.676l-5.701-.453-2.467-5.461a.998.998 0 0 0-1.822-.001L8.622 8.05l-5.701.453a1 1 0 0 0-.619 1.713l4.213 4.107-1.49 6.452a1 1 0 0 0 1.53 1.057L12 18.202l5.445 3.63a1.001 1.001 0 0 0 1.517-1.106l-1.829-6.4 4.536-4.082c.297-.268.406-.686.278-1.065z"
              />
            </svg>
            <svg
              className="w-6 h-6 cursor-pointer"
              fill="currentColor"
              height="1em"
              onClick={[Function]}
              stroke="currentColor"
              strokeWidth="0"
              style={
                Object {
                  "color": undefined,
                }
              }
              viewBox="0 0 24 24"
              width="1em"
              xmlns="http://www.w3.org/2000/svg"
            >
              <path
                d="M21.947 9.179a1.001 1.001 0 0 0-.868-.676l-5.701-.453-2.467-5.461a.998.998 0 0 0-1.822-.001L8.622 8.05l-5.701.453a1 1 0 0 0-.619 1.713l4.213 4.107-1.49 6.452a1 1 0 0 0 1.53 1.057L12 18.202l5.445 3.63a1.001 1.001 0 0 0 1.517-1.106l-1.829-6.4 4.536-4.082c.297-.268.406-.686.278-1.065z"
              />
            </svg>
            <svg
              className="w-6 h-6 cursor-pointer"
              fill="currentColor"
              height="1em"
              onClick={[Function]}
              stroke="currentColor"
              strokeWidth="0"
              style={
                Object {
                  "color": undefined,
                }
              }
              viewBox="0 0 24 24"
              width="1em"
              xmlns="http://www.w3.org/2000/svg"
            >
              <path
                d="M21.947 9.179a1.001 1.001 0 0 0-.868-.676l-5.701-.453-2.467-5.461a.998.998 0 0 0-1.822-.001L8.622 8.05l-5.701.453a1 1 0 0 0-.619 1.713l4.213 4.107-1.49 6.452a1 1 0 0 0 1.53 1.057L12 18.202l5.445 3.63a1.001 1.001 0 0 0 1.517-1.106l-1.829-6.4 4.536-4.082c.297-.268.406-.686.278-1.065z"
              />
            </svg>
            <svg
              className="w-6 h-6 cursor-pointer"
              fill="currentColor"
              height="1em"
              onClick={[Function]}
              stroke="currentColor"
              strokeWidth="0"
              style={
                Object {
                  "color": undefined,
                }
              }
              viewBox="0 0 24 24"
              width="1em"
              xmlns="http://www.w3.org/2000/svg"
            >
              <path
                d="M21.947 9.179a1.001 1.001 0 0 0-.868-.676l-5.701-.453-2.467-5.461a.998.998 0 0 0-1.822-.001L8.622 8.05l-5.701.453a1 1 0 0 0-.619 1.713l4.213 4.107-1.49 6.452a1 1 0 0 0 1.53 1.057L12 18.202l5.445 3.63a1.001 1.001 0 0 0 1.517-1.106l-1.829-6.4 4.536-4.082c.297-.268.406-.686.278-1.065z"
              />
            </svg>
            <svg
              className="w-6 h-6 cursor-pointer"
              fill="currentColor"
              height="1em"
              onClick={[Function]}
              stroke="currentColor"
              strokeWidth="0"
              style={
                Object {
                  "color": undefined,
                }
              }
              viewBox="0 0 24 24"
              width="1em"
              xmlns="http://www.w3.org/2000/svg"
            >
              <path
                d="M21.947 9.179a1.001 1.001 0 0 0-.868-.676l-5.701-.453-2.467-5.461a.998.998 0 0 0-1.822-.001L8.622 8.05l-5.701.453a1 1 0 0 0-.619 1.713l4.213 4.107-1.49 6.452a1 1 0 0 0 1.53 1.057L12 18.202l5.445 3.63a1.001 1.001 0 0 0 1.517-1.106l-1.829-6.4 4.536-4.082c.297-.268.406-.686.278-1.065z"
              />
            </svg>
          </div>
        </div>
        <p
          className="mt-4 text-md text-gray-600"
        >
          what's the price
        </p>
        <div
          className="mt-4 flex justify-between items-center"
        >
          <div
            className="p-2  border-b  rounded-md text-sm text-gray-600 hover:border-accent cursor-pointer"
            onClick={[Function]}
          >
            Show Replies
          </div>
        </div>
        <div
          className="mt-4"
        >
          <input
            className="border border-gray-300 rounded-md p-2 w-full"
            onChange={[Function]}
            placeholder="Write a reply..."
            type="text"
            value=""
          />
          <button
            className="mt-2 bg-blue-500 text-white px-4 py-2 rounded-md hover:bg-blue-600"
            onClick={[Function]}
          >
            Reply
          </button>
        </div>
      </div>
    </div>
  </div>
</div>
`;
