// Jest Snapshot v1, https://goo.gl/fbAQLP

exports[`renders correctly 1`] = `
<div>
  <h2
    className="capitalize text-lg"
  >
    Product Condition
  </h2>
  <div
    className="flex gap-2 mt-4 border-t border-t-[#EEEEEE] py-4"
  >
    <button
      className=" rounded-xl w-8 h-9   bg-white border border-gray-200"
      onClick={[Function]}
      value={5}
    >
      5
    </button>
    <button
      className=" rounded-xl w-8 h-9   bg-white border border-gray-200"
      onClick={[Function]}
      value={6}
    >
      6
    </button>
    <button
      className=" rounded-xl w-8 h-9   bg-white border border-gray-200"
      onClick={[Function]}
      value={7}
    >
      7
    </button>
    <button
      className=" rounded-xl w-8 h-9   bg-white border border-gray-200"
      onClick={[Function]}
      value={8}
    >
      8
    </button>
    <button
      className=" rounded-xl w-8 h-9   bg-white border border-gray-200"
      onClick={[Function]}
      value={9}
    >
      9
    </button>
    <button
      className=" rounded-xl w-8 h-9   bg-white border border-gray-200"
      onClick={[Function]}
      value={10}
    >
      10
    </button>
  </div>
</div>
`;
