// Jest Snapshot v1, https://goo.gl/fbAQLP

exports[`renders correctly 1`] = `
<div
  className="mx-auto max-w-md cursor-pointer "
  onKeyDown={[Function]}
>
  <form
    action=""
    className="fixed left-5 sm:relative  mx-auto"
  >
    <input
      className=" cursor-pointer absolute  h-8 w-0  rounded-full  bg-transparent outline-none transition-all duration-300 ease-in-out left-10 pl-1"
      onChange={[Function]}
      type="search"
      value=""
    />
    <svg
      aria-hidden="true"
      className="mr-2 z-10 cursor-pointer my-auto h-6 w-6 stroke-gray-500  hover:text-accent rounded-xl font-semibold false"
      fill="currentColor"
      height="1em"
      onClick={[Function]}
      stroke="currentColor"
      strokeWidth="0"
      style={
        Object {
          "color": undefined,
        }
      }
      viewBox="0 0 24 24"
      width="1em"
      xmlns="http://www.w3.org/2000/svg"
    >
      <path
        d="M10 18a7.952 7.952 0 0 0 4.897-1.688l4.396 4.396 1.414-1.414-4.396-4.396A7.952 7.952 0 0 0 18 10c0-4.411-3.589-8-8-8s-8 3.589-8 8 3.589 8 8 8zm0-14c3.309 0 6 2.691 6 6s-2.691 6-6 6-6-2.691-6-6 2.691-6 6-6z"
      />
      <path
        d="M11.412 8.586c.379.38.588.882.588 1.414h2a3.977 3.977 0 0 0-1.174-2.828c-1.514-1.512-4.139-1.512-5.652 0l1.412 1.416c.76-.758 2.07-.756 2.826-.002z"
      />
    </svg>
  </form>
</div>
`;
