// Jest Snapshot v1, https://goo.gl/fbAQLP

exports[`renders correctly 1`] = `
<footer
  className="text-sm w-full mx-auto"
>
  <div
    className="flex md:flex-col flex-row md:justify-between justify-center"
  >
    <div
      className="flex justify-around items-start flex-col md:flex-row md:flex-wrap w-full text-left"
    >
      <div
        className="flex justify-start flex-col ml-4"
      >
        <a
          href="/"
          onClick={[Function]}
          onMouseEnter={[Function]}
          onTouchStart={[Function]}
        >
          <button
            className="font-bold text-3xl sm:text-base tracking-wide md:hover:tracking-widest transform-all ease-in-out duration-500 font-mono text-black "
          >
            MiniStore
          </button>
        </a>
        <p
          className="mt-10 text-content sm:text-base"
        >
          This platform is a win-win for everyone involved lenders earn extra income, borrowers cut costs.
        </p>
      </div>
      <div
        className=" flex justify-start flex-col"
      >
        <p
          className=" tracking-wider py-1 my-1"
        >
          CONTACT US
        </p>
        <div>
          <a
            className="flex flex-row items-center hover:text-accent dark:hover:text-white"
            href="https://github.com/0m3ga13"
            onClick={[Function]}
            onMouseEnter={[Function]}
            onTouchStart={[Function]}
          >
            <svg
              aria-hidden="true"
              className="w-4 h-4 mx-2"
              fill="currentColor"
              viewBox="0 0 20 20"
              xmlns="http://www.w3.org/2000/svg"
            >
              <path
                clipRule="evenodd"
                d="M10 .333A9.911 9.911 0 0 0 6.866 19.65c.5.092.678-.215.678-.477 0-.237-.01-1.017-.014-1.845-2.757.6-3.338-1.169-3.338-1.169a2.627 2.627 0 0 0-1.1-1.451c-.9-.615.07-.6.07-.6a2.084 2.084 0 0 1 1.518 1.021 2.11 2.11 0 0 0 2.884.823c.044-.503.268-.973.63-1.325-2.2-.25-4.516-1.1-4.516-4.9A3.832 3.832 0 0 1 4.7 7.068a3.56 3.56 0 0 1 .095-2.623s.832-.266 2.726 1.016a9.409 9.409 0 0 1 4.962 0c1.89-1.282 2.717-1.016 2.717-1.016.366.83.402 1.768.1 2.623a3.827 3.827 0 0 1 1.02 2.659c0 3.807-2.319 4.644-4.525 4.889a2.366 2.366 0 0 1 .673 1.834c0 1.326-.012 2.394-.012 2.72 0 .263.18.572.681.475A9.911 9.911 0 0 0 10 .333Z"
                fillRule="evenodd"
              />
            </svg>
            <p
              className="py-1"
            >
              BARKA Oussama
            </p>
          </a>
          <a
            className="flex flex-row items-center hover:text-accent dark:hover:text-white"
            href="https://github.com/Emybel"
            onClick={[Function]}
            onMouseEnter={[Function]}
            onTouchStart={[Function]}
          >
            <svg
              aria-hidden="true"
              className="w-4 h-4 mx-2"
              fill="currentColor"
              viewBox="0 0 20 20"
              xmlns="http://www.w3.org/2000/svg"
            >
              <path
                clipRule="evenodd"
                d="M10 .333A9.911 9.911 0 0 0 6.866 19.65c.5.092.678-.215.678-.477 0-.237-.01-1.017-.014-1.845-2.757.6-3.338-1.169-3.338-1.169a2.627 2.627 0 0 0-1.1-1.451c-.9-.615.07-.6.07-.6a2.084 2.084 0 0 1 1.518 1.021 2.11 2.11 0 0 0 2.884.823c.044-.503.268-.973.63-1.325-2.2-.25-4.516-1.1-4.516-4.9A3.832 3.832 0 0 1 4.7 7.068a3.56 3.56 0 0 1 .095-2.623s.832-.266 2.726 1.016a9.409 9.409 0 0 1 4.962 0c1.89-1.282 2.717-1.016 2.717-1.016.366.83.402 1.768.1 2.623a3.827 3.827 0 0 1 1.02 2.659c0 3.807-2.319 4.644-4.525 4.889a2.366 2.366 0 0 1 .673 1.834c0 1.326-.012 2.394-.012 2.72 0 .263.18.572.681.475A9.911 9.911 0 0 0 10 .333Z"
                fillRule="evenodd"
              />
            </svg>
            <p
              className="py-1"
            >
              Imane BELAID
            </p>
          </a>
          <a
            className="flex flex-row items-center hover:text-accent dark:hover:text-white"
            href="https://github.com/medshk"
            onClick={[Function]}
            onMouseEnter={[Function]}
            onTouchStart={[Function]}
          >
            <svg
              aria-hidden="true"
              className="w-4 h-4 mx-2"
              fill="currentColor"
              viewBox="0 0 20 20"
              xmlns="http://www.w3.org/2000/svg"
            >
              <path
                clipRule="evenodd"
                d="M10 .333A9.911 9.911 0 0 0 6.866 19.65c.5.092.678-.215.678-.477 0-.237-.01-1.017-.014-1.845-2.757.6-3.338-1.169-3.338-1.169a2.627 2.627 0 0 0-1.1-1.451c-.9-.615.07-.6.07-.6a2.084 2.084 0 0 1 1.518 1.021 2.11 2.11 0 0 0 2.884.823c.044-.503.268-.973.63-1.325-2.2-.25-4.516-1.1-4.516-4.9A3.832 3.832 0 0 1 4.7 7.068a3.56 3.56 0 0 1 .095-2.623s.832-.266 2.726 1.016a9.409 9.409 0 0 1 4.962 0c1.89-1.282 2.717-1.016 2.717-1.016.366.83.402 1.768.1 2.623a3.827 3.827 0 0 1 1.02 2.659c0 3.807-2.319 4.644-4.525 4.889a2.366 2.366 0 0 1 .673 1.834c0 1.326-.012 2.394-.012 2.72 0 .263.18.572.681.475A9.911 9.911 0 0 0 10 .333Z"
                fillRule="evenodd"
              />
            </svg>
            <p
              className="py-1"
            >
              Mohammed Bennaceur
            </p>
          </a>
          <a
            className="flex flex-row items-center hover:text-accent dark:hover:text-white"
            href="https://github.com/Bolphunga"
            onClick={[Function]}
            onMouseEnter={[Function]}
            onTouchStart={[Function]}
          >
            <svg
              aria-hidden="true"
              className="w-4 h-4 mx-2"
              fill="currentColor"
              viewBox="0 0 20 20"
              xmlns="http://www.w3.org/2000/svg"
            >
              <path
                clipRule="evenodd"
                d="M10 .333A9.911 9.911 0 0 0 6.866 19.65c.5.092.678-.215.678-.477 0-.237-.01-1.017-.014-1.845-2.757.6-3.338-1.169-3.338-1.169a2.627 2.627 0 0 0-1.1-1.451c-.9-.615.07-.6.07-.6a2.084 2.084 0 0 1 1.518 1.021 2.11 2.11 0 0 0 2.884.823c.044-.503.268-.973.63-1.325-2.2-.25-4.516-1.1-4.516-4.9A3.832 3.832 0 0 1 4.7 7.068a3.56 3.56 0 0 1 .095-2.623s.832-.266 2.726 1.016a9.409 9.409 0 0 1 4.962 0c1.89-1.282 2.717-1.016 2.717-1.016.366.83.402 1.768.1 2.623a3.827 3.827 0 0 1 1.02 2.659c0 3.807-2.319 4.644-4.525 4.889a2.366 2.366 0 0 1 .673 1.834c0 1.326-.012 2.394-.012 2.72 0 .263.18.572.681.475A9.911 9.911 0 0 0 10 .333Z"
                fillRule="evenodd"
              />
            </svg>
            <p
              className="py-1"
            >
              Ahmed Djebnoune
            </p>
          </a>
          <a
            className="flex flex-row items-center hover:text-accent dark:hover:text-white"
            href="https://github.com/samiraTbl"
            onClick={[Function]}
            onMouseEnter={[Function]}
            onTouchStart={[Function]}
          >
            <svg
              aria-hidden="true"
              className="w-4 h-4 mx-2"
              fill="currentColor"
              viewBox="0 0 20 20"
              xmlns="http://www.w3.org/2000/svg"
            >
              <path
                clipRule="evenodd"
                d="M10 .333A9.911 9.911 0 0 0 6.866 19.65c.5.092.678-.215.678-.477 0-.237-.01-1.017-.014-1.845-2.757.6-3.338-1.169-3.338-1.169a2.627 2.627 0 0 0-1.1-1.451c-.9-.615.07-.6.07-.6a2.084 2.084 0 0 1 1.518 1.021 2.11 2.11 0 0 0 2.884.823c.044-.503.268-.973.63-1.325-2.2-.25-4.516-1.1-4.516-4.9A3.832 3.832 0 0 1 4.7 7.068a3.56 3.56 0 0 1 .095-2.623s.832-.266 2.726 1.016a9.409 9.409 0 0 1 4.962 0c1.89-1.282 2.717-1.016 2.717-1.016.366.83.402 1.768.1 2.623a3.827 3.827 0 0 1 1.02 2.659c0 3.807-2.319 4.644-4.525 4.889a2.366 2.366 0 0 1 .673 1.834c0 1.326-.012 2.394-.012 2.72 0 .263.18.572.681.475A9.911 9.911 0 0 0 10 .333Z"
                fillRule="evenodd"
              />
            </svg>
            <p
              className="py-1"
            >
              Samira TOUBAL SEGHIR
            </p>
          </a>
        </div>
      </div>
      <div
        className="flex justify-start flex-col uppercase tracking-wide "
      >
        <p
          className="font-semibold tracking-wider py-1"
        >
          Quick links
        </p>
        <a
          className="py-2 mt-3  no-underline hover:text-accent"
          href="#"
          onClick={[Function]}
          onMouseEnter={[Function]}
          onTouchStart={[Function]}
        >
          <p>
            Home
          </p>
        </a>
        <a
          className="py-2  no-underline hover:text-accent"
          href="#"
          onClick={[Function]}
          onMouseEnter={[Function]}
          onTouchStart={[Function]}
        >
          <p>
            Furniture
          </p>
        </a>
        <a
          className="py-2  no-underline hover:text-accent"
          href="#"
          onClick={[Function]}
          onMouseEnter={[Function]}
          onTouchStart={[Function]}
        >
          <p>
            Clothes
          </p>
        </a>
        <a
          className="py-2  no-underline hover:text-accent"
          href="#"
          onClick={[Function]}
          onMouseEnter={[Function]}
          onTouchStart={[Function]}
        >
          <p>
            Electronics
          </p>
        </a>
        <a
          className="py-2  no-underline hover:text-accent"
          href="#"
          onClick={[Function]}
          onMouseEnter={[Function]}
          onTouchStart={[Function]}
        >
          <p>
            gaming
          </p>
        </a>
      </div>
      <div
        className=" flex justify-start flex-col uppercase"
      >
        <p
          className="font-semibold tracking-wide py-1"
        >
          ABOUT STUDENT STORE
        </p>
        <a
          className="py-2 no-underline hover:text-accent"
          href="#"
          onClick={[Function]}
          onMouseEnter={[Function]}
          onTouchStart={[Function]}
        >
          <p>
            ABOUT US
          </p>
        </a>
        <a
          className="py-2 no-underline hover:text-accent"
          href="#"
          onClick={[Function]}
          onMouseEnter={[Function]}
          onTouchStart={[Function]}
        >
          <p>
            HOW IT WORKS!
          </p>
        </a>
        <a
          className="py-2 no-underline hover:text-accent"
          href="#"
          onClick={[Function]}
          onMouseEnter={[Function]}
          onTouchStart={[Function]}
        >
          <p>
            Terms of Use
          </p>
        </a>
        <a
          className="py-2  no-underline hover:text-accent"
          href="#"
          onClick={[Function]}
          onMouseEnter={[Function]}
          onTouchStart={[Function]}
        >
          <p>
            Privacy Policy
          </p>
        </a>
      </div>
    </div>
  </div>
</footer>
`;
