// Jest Snapshot v1, https://goo.gl/fbAQLP

exports[`renders correctly 1`] = `
<nav
  className="text-navbar absolute z-20 w-full text-black"
>
  <div
    className="mx-auto px-2 sm:px-6 lg:px-8 "
  >
    <div
      className="relative flex h-16 items-center justify-between"
    >
      <div
        className="absolute inset-y-0 right-0 flex items-center sm:hidden "
      >
        <button
          className=" inline-flex items-center justify-center rounded-md p-2  hover:bg-accent2 hover:text-white focus:outline-none focus:ring-2 focus:ring-inset focus:ring-white transition-all duration-300 ease-in-out"
          onClick={[Function]}
        >
          <svg
            aria-hidden="true"
            className="block h-8 w-8"
            fill="currentColor"
            height="1em"
            stroke="currentColor"
            strokeWidth="0"
            style={
              Object {
                "color": undefined,
              }
            }
            viewBox="0 0 24 24"
            width="1em"
            xmlns="http://www.w3.org/2000/svg"
          >
            <path
              d="M4 6h16v2H4zm4 5h12v2H8zm5 5h7v2h-7z"
            />
          </svg>
        </button>
      </div>
      <div
        className="flex flex-1 items-center justify-between"
      >
        <a
          href="/"
          onClick={[Function]}
          onMouseEnter={[Function]}
          onTouchStart={[Function]}
        >
          <div
            className="flex flex-shrink-0 items-center  w-1/3"
          >
            <h1
              className=" tracking-widest font-lato font-semibold text-2xl px-5"
            >
              MiniStore
              .
            </h1>
          </div>
        </a>
        <div
          className="hidden sm:block"
        >
          <div
            className=" flex-1  flex space-x-4 items-center "
          >
            <a
              href="/"
              onClick={[Function]}
              onMouseEnter={[Function]}
              onTouchStart={[Function]}
            >
              <div
                className=" hover:bg-accent hover:text-white  block rounded-md px-3 py-2 text-base font-semibold font-lato antialiased tracking-widest"
              >
                Home
              </div>
            </a>
            <a
              href="/products"
              onClick={[Function]}
              onMouseEnter={[Function]}
              onTouchStart={[Function]}
            >
              <div
                className=" hover:bg-accent hover:text-white  block rounded-md px-3 py-2 text-base font-semibold font-lato antialiased tracking-widest"
              >
                Products
              </div>
            </a>
            <a
              href="/donate"
              onClick={[Function]}
              onMouseEnter={[Function]}
              onTouchStart={[Function]}
            >
              <div
                className=" hover:bg-accent hover:text-white  block rounded-md px-3 py-2 text-base font-semibold font-lato antialiased tracking-widest"
              >
                Donate
              </div>
            </a>
          </div>
        </div>
        <div
          className="hidden sm:block mr-48"
        >
          <div
            className="flex space-x-4 items-center"
          >
            <a
              href="/profile?page=form"
              onClick={[Function]}
              onMouseEnter={[Function]}
              onTouchStart={[Function]}
            >
              <svg
                aria-hidden="true"
                className="block h-6 w-6 antialiased  hover:text-accent rounded-xl font-semibold "
                fill="currentColor"
                height="1em"
                stroke="currentColor"
                strokeWidth="0"
                style={
                  Object {
                    "color": undefined,
                  }
                }
                viewBox="0 0 24 24"
                width="1em"
                xmlns="http://www.w3.org/2000/svg"
              >
                <path
                  d="M12 2a5 5 0 1 0 5 5 5 5 0 0 0-5-5zm0 8a3 3 0 1 1 3-3 3 3 0 0 1-3 3zm9 11v-1a7 7 0 0 0-7-7h-4a7 7 0 0 0-7 7v1h2v-1a5 5 0 0 1 5-5h4a5 5 0 0 1 5 5v1z"
                />
              </svg>
            </a>
            <div>
              <div
                className="flex justify-center items-center"
              >
                <svg
                  className="h-8 w-8 animate-spin duration-150 text-accent2"
                  fill="currentColor"
                  height="1em"
                  stroke="currentColor"
                  strokeWidth="0"
                  style={
                    Object {
                      "color": undefined,
                    }
                  }
                  viewBox="0 0 512 512"
                  width="1em"
                  xmlns="http://www.w3.org/2000/svg"
                >
                  <path
                    d="M304 48c0 26.51-21.49 48-48 48s-48-21.49-48-48 21.49-48 48-48 48 21.49 48 48zm-48 368c-26.51 0-48 21.49-48 48s21.49 48 48 48 48-21.49 48-48-21.49-48-48-48zm208-208c-26.51 0-48 21.49-48 48s21.49 48 48 48 48-21.49 48-48-21.49-48-48-48zM96 256c0-26.51-21.49-48-48-48S0 229.49 0 256s21.49 48 48 48 48-21.49 48-48zm12.922 99.078c-26.51 0-48 21.49-48 48s21.49 48 48 48 48-21.49 48-48c0-26.509-21.491-48-48-48zm294.156 0c-26.51 0-48 21.49-48 48s21.49 48 48 48 48-21.49 48-48c0-26.509-21.49-48-48-48zM108.922 60.922c-26.51 0-48 21.49-48 48s21.49 48 48 48 48-21.49 48-48-21.491-48-48-48z"
                  />
                </svg>
              </div>
            </div>
            <div
              className="mx-auto max-w-md cursor-pointer"
            >
              <form
                action=""
                className="fixed left-5 sm:relative mx-auto"
              >
                <input
                  className="cursor-pointer absolute h-8 w-0 rounded-full bg-transparent outline-none transition-all duration-300 ease-in-out left-10 pl-1"
                  onChange={[Function]}
                  type="search"
                  value=""
                />
                <svg
                  aria-hidden="true"
                  className="mr-2 z-10 cursor-pointer my-auto h-6 w-6 stroke-gray-500 hover:text-accent rounded-xl font-semibold false"
                  fill="currentColor"
                  height="1em"
                  onClick={[Function]}
                  stroke="currentColor"
                  strokeWidth="0"
                  style={
                    Object {
                      "color": undefined,
                    }
                  }
                  viewBox="0 0 24 24"
                  width="1em"
                  xmlns="http://www.w3.org/2000/svg"
                >
                  <path
                    d="M10 18a7.952 7.952 0 0 0 4.897-1.688l4.396 4.396 1.414-1.414-4.396-4.396A7.952 7.952 0 0 0 18 10c0-4.411-3.589-8-8-8s-8 3.589-8 8 3.589 8 8 8zm0-14c3.309 0 6 2.691 6 6s-2.691 6-6 6-6-2.691-6-6 2.691-6 6-6z"
                  />
                  <path
                    d="M11.412 8.586c.379.38.588.882.588 1.414h2a3.977 3.977 0 0 0-1.174-2.828c-1.514-1.512-4.139-1.512-5.652 0l1.412 1.416c.76-.758 2.07-.756 2.826-.002z"
                  />
                </svg>
              </form>
            </div>
          </div>
        </div>
      </div>
    </div>
  </div>
</nav>
`;
