// Jest Snapshot v1, https://goo.gl/fbAQLP

exports[`renders correctly 1`] = `
<div
  className="flex justify-center text-center items-center font-jua rounded-full bg-secondaryGreen text-white text-sm w-[105px] h-[26px] subpixel-antialiased"
/>
`;
