// Jest Snapshot v1, https://goo.gl/fbAQLP

exports[`renders correctly 1`] = `
<div>
  <form
    className="mx-auto flex flex-col space-y-4 text-sm font-lato font-semibold justify-start items-center sm:items-center mt-2"
    onSubmit={[Function]}
  >
    <button
      className="bg-accent hover-bg-blue-700 text-white font-semibold py-2 px-4 rounded-lg hover:scale-105"
      type="submit"
    >
      Login
    </button>
  </form>
</div>
`;
