// Jest Snapshot v1, https://goo.gl/fbAQLP

exports[`renders correctly 1`] = `
<div
  className="mt-5 w-16 h-16 bg-gray-300 rounded-full flex items-center justify-center"
>
  <span
    className="text-gray-600 text-2xl"
  >
    A
  </span>
</div>
`;
