// Jest Snapshot v1, https://goo.gl/fbAQLP

exports[`renders correctly 1`] = `
<div
  className="py-20   content-evenly"
>
  <p
    className="text-titleContent text-3xl capitalize-words text-center font-jost tracking-wide py-14"
  >
    recently added
  </p>
</div>
`;
