// Jest Snapshot v1, https://goo.gl/fbAQLP

exports[`renders correctly 1`] = `
<div
  className="text-center "
  id="how-it-works"
>
  <h1
    className="text-2xl md:text-4xl"
  >
    How It Works
  </h1>
  <div
    className="flex flex-col mt-20 items-center space-y-0 md:flex-row md:space-y-0 md:space-x-0"
  >
    <div
      className="flex items-center bg-accent2 p-4 pt-4 sm:h-64 md:flex-1 "
    >
      <p>
        Welcome to our Mini store! Wondering how it all works? It's simple. Explore our selection of items available for both borrowing and buying. Just follow these three easy steps: browse, choose, and enjoy. Browse our collection of essentials, choose what you need, and complete your order.
      </p>
    </div>
    <div
      className="flex items-center  bg-accent p-4 pt-4 sm:h-64 md:flex-1 "
    >
      <p>
         
        It's that easy! Whether you're a student looking for books, electronics, furniture, gaming, or everyday necessities, we've got you covered. Start exploring the convenience of our student store today.
      </p>
    </div>
  </div>
</div>
`;
