// Jest Snapshot v1, https://goo.gl/fbAQLP

exports[`renders correctly 1`] = `
<div
  className="relative mb-4"
>
  <input
    onChange={[Function]}
    placeholder="Enter Location"
    required={true}
    type="text"
  />
</div>
`;
