// Jest Snapshot v1, https://goo.gl/fbAQLP

exports[`renders correctly 1`] = `
<div
  className="flex justify-start ml-10 mb-4 items-center space-x-5"
>
  <svg
    className="w-24 h-24  text-red-500 rounded-md"
    fill="currentColor"
    height="1em"
    stroke="currentColor"
    strokeWidth="0"
    style={
      Object {
        "color": undefined,
      }
    }
    viewBox="0 0 16 16"
    width="1em"
    xmlns="http://www.w3.org/2000/svg"
  >
    <path
      d="M0 4a2 2 0 0 1 2-2h12a2 2 0 0 1 2 2v8a2 2 0 0 1-2 2H2a2 2 0 0 1-2-2V4Zm9 1.5a.5.5 0 0 0 .5.5h4a.5.5 0 0 0 0-1h-4a.5.5 0 0 0-.5.5ZM9 8a.5.5 0 0 0 .5.5h4a.5.5 0 0 0 0-1h-4A.5.5 0 0 0 9 8Zm1 2.5a.5.5 0 0 0 .5.5h3a.5.5 0 0 0 0-1h-3a.5.5 0 0 0-.5.5Zm-1 2C9 10.567 7.21 9 5 9c-2.086 0-3.8 1.398-3.984 3.181A1 1 0 0 0 2 13h6.96c.026-.163.04-.33.04-.5ZM7 6a2 2 0 1 0-4 0 2 2 0 0 0 4 0Z"
    />
  </svg>
  <div>
    <label
      className="bg-none border border-accent rounded-md text-accent px-5 py-2 tracking-tight font-bold shadow-sm cursor-pointer"
      htmlFor="upload-button-id"
    >
      Upload ID
    </label>
    <input
      id="upload-button-id"
      onChange={[Function]}
      style={
        Object {
          "display": "none",
        }
      }
      type="file"
    />
  </div>
</div>
`;
